apiVersion: apps/v1
kind: Deployment
metadata:
  name: myapp
spec:
  selector:
    matchLabels:
      app: myapp
  template:
    metadata:
      labels:
        app: myapp
    spec:
      containers:
      - image: gcr.io/fasterci-dev/mirror/index.docker.io/library/alpine@sha256:954b378c375d852eb3c63ab88978f640b4348b01c1b3456a024a81536dafbbf4
        name: myapp
